2026-10-02 17:16:06.963 | The files belonging to this database system will be owned by user "postgres".
2026-10-02 17:16:06.963 | This user must also own the server process.
2026-10-02 17:16:06.963 | 
2026-10-02 17:16:06.963 | The database cluster will be initialized with locale "en_US.utf8".
2026-10-02 17:16:06.963 | The default database encoding has accordingly been set to "UTF8".
2026-10-02 17:16:06.963 | The default text search configuration will be set to "english".
2026-10-02 17:16:06.963 | 
2026-10-02 17:16:06.963 | Data page checksums are enabled.
2026-10-02 17:16:06.963 | 
2026-10-02 17:16:06.963 | fixing permissions on existing directory /var/lib/postgresql/18/docker ... ok
2026-10-02 17:16:06.967 | creating subdirectories ... ok
2026-10-02 17:16:06.967 | selecting dynamic shared memory implementation ... posix
2026-10-02 17:16:06.977 | selecting default "max_connections" ... 100
2026-10-02 17:16:07.002 | selecting default "shared_buffers" ... 128MB
2026-10-02 17:16:07.014 | selecting default time zone ... Etc/UTC
2026-10-02 17:16:07.014 | creating configuration files ... ok
2026-10-02 17:16:07.063 | running bootstrap script ... ok
2026-10-02 17:16:07.201 | performing post-bootstrap initialization ... ok
2026-10-02 17:16:07.252 | initdb: warning: enabling "trust" authentication for local connections
2026-10-02 17:16:07.252 | initdb: hint: You can change this by editing pg_hba.conf or using the option -A, or --auth-local and --auth-host, the next time you run initdb.
2026-10-02 17:16:07.252 | syncing data to disk ... ok
2026-10-02 17:16:07.252 | 
2026-10-02 17:16:07.252 | 
2026-10-02 17:16:07.252 | Success. You can now start the database server using:
2026-10-02 17:16:07.252 | 
2026-10-02 17:16:07.252 |     pg_ctl -D /var/lib/postgresql/18/docker -l logfile start
2026-10-02 17:16:07.252 | 
2026-10-02 17:16:07.271 | waiting for server to start....2026-10-02 16:16:07.271 UTC [53] LOG:  starting PostgreSQL 18.6 (Debian 18.6-1.pgdg13+2) on aarch64-unknown-linux-gnu, compiled by gcc (Debian 14.2.0-19) 14.2.0, 64-bit
2026-10-02 17:16:07.272 | 2026-10-02 16:16:07.272 UTC [53] LOG:  listening on Unix socket "/var/run/postgresql/.s.PGSQL.5432"
2026-10-02 17:16:07.275 | 2026-10-02 16:16:07.275 UTC [59] LOG:  database system was shut down at 2026-10-02 16:16:07 UTC
2026-10-02 17:16:07.276 | 2026-10-02 16:16:07.276 UTC [53] LOG:  database system is ready to accept connections
2026-10-02 17:16:07.367 |  done
2026-10-02 17:16:07.367 | server started
2026-10-02 17:16:07.419 | CREATE DATABASE
2026-10-02 17:16:07.419 | 
2026-10-02 17:16:07.419 | 
2026-10-02 17:16:07.419 | /usr/local/bin/docker-entrypoint.sh: ignoring /docker-entrypoint-initdb.d/*
2026-10-02 17:16:07.419 | 
2026-10-02 17:16:07.419 | waiting for server to shut down....2026-10-02 16:16:07.419 UTC [53] LOG:  received fast shutdown request
2026-10-02 17:16:07.420 | 2026-10-02 16:16:07.420 UTC [53] LOG:  aborting any active transactions
2026-10-02 17:16:07.421 | 2026-10-02 16:16:07.421 UTC [53] LOG:  background worker "logical replication launcher" (PID 62) exited with exit code 1
2026-10-02 17:16:07.421 | 2026-10-02 16:16:07.421 UTC [57] LOG:  shutting down
2026-10-02 17:16:07.422 | 2026-10-02 16:16:07.422 UTC [57] LOG:  checkpoint starting: shutdown immediate
2026-10-02 17:16:07.441 | 2026-10-02 16:16:07.441 UTC [57] LOG:  checkpoint complete: wrote 943 buffers (5.8%), wrote 3 SLRU buffers; 0 WAL file(s) added, 0 removed, 0 recycled; write=0.008 s, sync=0.011 s, total=0.021 s; sync files=303, longest=0.004 s, average=0.001 s; distance=4352 kB, estimate=4352 kB; lsn=0/1BA1BE8, redo lsn=0/1BA1BE8
2026-10-02 17:16:07.447 | 2026-10-02 16:16:07.447 UTC [53] LOG:  database system is shut down
2026-10-02 17:16:07.525 |  done
2026-10-02 17:16:07.525 | server stopped
2026-10-02 17:16:07.525 | 
2026-10-02 17:16:07.525 | PostgreSQL init process complete; ready for start up.
2026-10-02 17:16:07.525 | 
2026-10-02 17:16:07.537 | 2026-10-02 16:16:07.537 UTC [1] LOG:  starting PostgreSQL 18.6 (Debian 18.6-1.pgdg13+2) on aarch64-unknown-linux-gnu, compiled by gcc (Debian 14.2.0-19) 14.2.0, 64-bit
2026-10-02 17:16:07.537 | 2026-10-02 16:16:07.537 UTC [1] LOG:  listening on IPv4 address "0.0.0.0", port 5432
2026-10-02 17:16:07.537 | 2026-10-02 16:16:07.537 UTC [1] LOG:  listening on IPv6 address "::", port 5432
2026-10-02 17:16:07.539 | 2026-10-02 16:16:07.539 UTC [1] LOG:  listening on Unix socket "/var/run/postgresql/.s.PGSQL.5432"
2026-10-02 17:16:07.542 | 2026-10-02 16:16:07.542 UTC [75] LOG:  database system was shut down at 2026-10-02 16:16:07 UTC
2026-10-02 17:16:07.543 | 2026-10-02 16:16:07.543 UTC [1] LOG:  database system is ready to accept connections