2026-10-02 17:18:06.396 | + pgloader /app/Chinook.db postgres://user:password@dbase:5432/database
2026-10-02 17:18:06.492 | 2026-10-02T16:18:06.005000Z LOG pgloader version "3.6.9"
2026-10-02 17:18:06.523 | 2026-10-02T16:18:06.038000Z LOG Migrating from #<SQLITE-CONNECTION sqlite:///app/Chinook.db {1006A346A3}>
2026-10-02 17:18:06.523 | 2026-10-02T16:18:06.038000Z LOG Migrating into #<PGSQL-CONNECTION pgsql://user@dbase:5432/database {1006B6FFD3}>
2026-10-02 17:18:06.937 | 2026-10-02T16:18:06.451000Z LOG report summary reset
2026-10-02 17:18:06.946 |              table name     errors       rows      bytes      total time
2026-10-02 17:18:06.946 | -----------------------  ---------  ---------  ---------  --------------
2026-10-02 17:18:06.947 |                   fetch          0          0                     0.000s
2026-10-02 17:18:06.947 |         fetch meta data          0         44                     0.015s
2026-10-02 17:18:06.947 |          Create Schemas          0          0                     0.000s
2026-10-02 17:18:06.947 |        Create SQL Types          0          0                     0.002s
2026-10-02 17:18:06.947 |           Create tables          0         22                     0.011s
2026-10-02 17:18:06.947 |          Set Table OIDs          0         11                     0.002s
2026-10-02 17:18:06.947 | -----------------------  ---------  ---------  ---------  --------------
2026-10-02 17:18:06.947 |                   album          0        347    10.5 kB          0.035s
2026-10-02 17:18:06.947 |                  artist          0        275     6.8 kB          0.036s
2026-10-02 17:18:06.947 |                employee          0          8     1.4 kB          0.008s
2026-10-02 17:18:06.947 |                customer          0         59     6.7 kB          0.012s
2026-10-02 17:18:06.947 |                 invoice          0        412    31.0 kB          0.083s
2026-10-02 17:18:06.947 |                   genre          0         25     0.3 kB          0.078s
2026-10-02 17:18:06.947 |               mediatype          0          5     0.1 kB          0.091s
2026-10-02 17:18:06.947 |             invoiceline          0       2240    43.6 kB          0.095s
2026-10-02 17:18:06.947 |           playlisttrack          0       8715    57.3 kB          0.145s
2026-10-02 17:18:06.947 |                playlist          0         18     0.3 kB          0.136s
2026-10-02 17:18:06.947 |                   track          0       3503   236.5 kB          0.144s
2026-10-02 17:18:06.947 | -----------------------  ---------  ---------  ---------  --------------
2026-10-02 17:18:06.947 | COPY Threads Completion          0          4                     0.196s
2026-10-02 17:18:06.947 |          Create Indexes          0         22                     0.033s
2026-10-02 17:18:06.947 |  Index Build Completion          0         22                     0.105s
2026-10-02 17:18:06.947 |         Reset Sequences          0          0                     0.019s
2026-10-02 17:18:06.947 |            Primary Keys          0         11                     0.004s
2026-10-02 17:18:06.947 |     Create Foreign Keys          0         11                     0.007s
2026-10-02 17:18:06.947 |         Create Triggers          0          0                     0.000s
2026-10-02 17:18:06.947 |        Install Comments          0          0                     0.000s
2026-10-02 17:18:06.947 | -----------------------  ---------  ---------  ---------  --------------
2026-10-02 17:18:06.947 |       Total import time          ✓      15607   394.5 kB          0.364s